------------------------------------------------------------
TimeQuest Timing Analyzer Summary
------------------------------------------------------------

Type  : Slow 1200mV 85C Model Setup 'clk_gen_inst|altpll_component|auto_generated|pll1|clk[0]'
Slack : -7.374
TNS   : -27.308

Type  : Slow 1200mV 85C Model Setup 'clk_1:clk_1_inst|flag'
Slack : -2.992
TNS   : -55.027

Type  : Slow 1200mV 85C Model Setup 'clk_gen_inst|altpll_component|auto_generated|pll1|clk[1]'
Slack : 1.735
TNS   : 0.000

Type  : Slow 1200mV 85C Model Setup 'sys_clk'
Slack : 13.744
TNS   : 0.000

Type  : Slow 1200mV 85C Model Hold 'clk_gen_inst|altpll_component|auto_generated|pll1|clk[0]'
Slack : 0.433
TNS   : 0.000

Type  : Slow 1200mV 85C Model Hold 'clk_gen_inst|altpll_component|auto_generated|pll1|clk[1]'
Slack : 0.453
TNS   : 0.000

Type  : Slow 1200mV 85C Model Hold 'sys_clk'
Slack : 0.492
TNS   : 0.000

Type  : Slow 1200mV 85C Model Hold 'clk_1:clk_1_inst|flag'
Slack : 0.497
TNS   : 0.000

Type  : Slow 1200mV 85C Model Minimum Pulse Width 'clk_1:clk_1_inst|flag'
Slack : -1.487
TNS   : -32.714

Type  : Slow 1200mV 85C Model Minimum Pulse Width 'clk_gen_inst|altpll_component|auto_generated|pll1|clk[1]'
Slack : 3.721
TNS   : 0.000

Type  : Slow 1200mV 85C Model Minimum Pulse Width 'sys_clk'
Slack : 9.783
TNS   : 0.000

Type  : Slow 1200mV 85C Model Minimum Pulse Width 'clk_gen_inst|altpll_component|auto_generated|pll1|clk[0]'
Slack : 19.705
TNS   : 0.000

Type  : Slow 1200mV 0C Model Setup 'clk_gen_inst|altpll_component|auto_generated|pll1|clk[0]'
Slack : -6.542
TNS   : -24.362

Type  : Slow 1200mV 0C Model Setup 'clk_1:clk_1_inst|flag'
Slack : -2.687
TNS   : -49.015

Type  : Slow 1200mV 0C Model Setup 'clk_gen_inst|altpll_component|auto_generated|pll1|clk[1]'
Slack : 1.880
TNS   : 0.000

Type  : Slow 1200mV 0C Model Setup 'sys_clk'
Slack : 14.107
TNS   : 0.000

Type  : Slow 1200mV 0C Model Hold 'clk_gen_inst|altpll_component|auto_generated|pll1|clk[0]'
Slack : 0.382
TNS   : 0.000

Type  : Slow 1200mV 0C Model Hold 'clk_gen_inst|altpll_component|auto_generated|pll1|clk[1]'
Slack : 0.402
TNS   : 0.000

Type  : Slow 1200mV 0C Model Hold 'sys_clk'
Slack : 0.456
TNS   : 0.000

Type  : Slow 1200mV 0C Model Hold 'clk_1:clk_1_inst|flag'
Slack : 0.459
TNS   : 0.000

Type  : Slow 1200mV 0C Model Minimum Pulse Width 'clk_1:clk_1_inst|flag'
Slack : -1.487
TNS   : -32.714

Type  : Slow 1200mV 0C Model Minimum Pulse Width 'clk_gen_inst|altpll_component|auto_generated|pll1|clk[1]'
Slack : 3.719
TNS   : 0.000

Type  : Slow 1200mV 0C Model Minimum Pulse Width 'sys_clk'
Slack : 9.771
TNS   : 0.000

Type  : Slow 1200mV 0C Model Minimum Pulse Width 'clk_gen_inst|altpll_component|auto_generated|pll1|clk[0]'
Slack : 19.675
TNS   : 0.000

Type  : Fast 1200mV 0C Model Setup 'clk_gen_inst|altpll_component|auto_generated|pll1|clk[0]'
Slack : -2.824
TNS   : -10.381

Type  : Fast 1200mV 0C Model Setup 'clk_1:clk_1_inst|flag'
Slack : -0.650
TNS   : -10.436

Type  : Fast 1200mV 0C Model Setup 'clk_gen_inst|altpll_component|auto_generated|pll1|clk[1]'
Slack : 3.057
TNS   : 0.000

Type  : Fast 1200mV 0C Model Setup 'sys_clk'
Slack : 17.256
TNS   : 0.000

Type  : Fast 1200mV 0C Model Hold 'clk_gen_inst|altpll_component|auto_generated|pll1|clk[0]'
Slack : 0.178
TNS   : 0.000

Type  : Fast 1200mV 0C Model Hold 'clk_gen_inst|altpll_component|auto_generated|pll1|clk[1]'
Slack : 0.186
TNS   : 0.000

Type  : Fast 1200mV 0C Model Hold 'sys_clk'
Slack : 0.197
TNS   : 0.000

Type  : Fast 1200mV 0C Model Hold 'clk_1:clk_1_inst|flag'
Slack : 0.201
TNS   : 0.000

Type  : Fast 1200mV 0C Model Minimum Pulse Width 'clk_1:clk_1_inst|flag'
Slack : -1.000
TNS   : -22.000

Type  : Fast 1200mV 0C Model Minimum Pulse Width 'clk_gen_inst|altpll_component|auto_generated|pll1|clk[1]'
Slack : 3.796
TNS   : 0.000

Type  : Fast 1200mV 0C Model Minimum Pulse Width 'sys_clk'
Slack : 9.434
TNS   : 0.000

Type  : Fast 1200mV 0C Model Minimum Pulse Width 'clk_gen_inst|altpll_component|auto_generated|pll1|clk[0]'
Slack : 19.773
TNS   : 0.000

------------------------------------------------------------
